// Jest Snapshot v1, https://goo.gl/fbAQLP

exports[`renders correctly with defaults 1`] = `
<View
  accessibilityRole="button"
  accessibilityState={
    {
      "busy": undefined,
      "checked": undefined,
      "disabled": undefined,
      "expanded": undefined,
      "selected": undefined,
    }
  }
  accessibilityValue={
    {
      "max": undefined,
      "min": undefined,
      "now": undefined,
      "text": undefined,
    }
  }
  accessible={true}
  collapsable={false}
  focusable={true}
  onClick={[Function]}
  onLayout={[Function]}
  onResponderGrant={[Function]}
  onResponderMove={[Function]}
  onResponderRelease={[Function]}
  onResponderTerminate={[Function]}
  onResponderTerminationRequest={[Function]}
  onStartShouldSetResponder={[Function]}
  style={
    {
      "alignItems": "center",
      "backgroundColor": "#5A48F5",
      "borderRadius": 999,
      "flexDirection": "row",
      "justifyContent": "center",
      "minWidth": 90,
      "opacity": 1,
      "paddingHorizontal": 20,
      "paddingVertical": 9.5,
    }
  }
>
  <Text
    fsTagName="unmask"
    numberOfLines={1}
    style={
      [
        {
          "backgroundColor": "transparent",
          "color": "#20303C",
          "writingDirection": "ltr",
        },
        undefined,
        undefined,
        undefined,
        undefined,
        undefined,
        undefined,
        undefined,
        undefined,
        [
          {
            "backgroundColor": "transparent",
            "flexDirection": "row",
            "fontFamily": "System",
            "fontSize": 16,
            "fontWeight": "400",
            "lineHeight": 24,
          },
          {
            "color": "#FFFFFF",
          },
          undefined,
          undefined,
          undefined,
        ],
      ]
    }
    testID="undefined.label"
  >
    Sign In
  </Text>
</View>
`;
